# Input Table           : inputs/input_BurialDating_prod
# Resolved Spectrum(s)  : NEAR-MCecc, Z21-EAR1, Z21-EAR1FC, Z22-EAR2
# SACS Driver           : scripts/calculate_sacs3.py via Subprocess Execution
# Corrections Applied   : Self-attenuation (f_att) & Multiple Scattering (Fms)
# Flux Variant Option   : MCecc
#1        2          3       4        5          6         7          8          9                10           11           12           13           14               15              16      
#area    sample     target  product  fthick[mm] mass[g]   diam[mm]   thick[mm]  n/sample[tot]    SACS[b]      f-SACS[b]    ssf-SACS[b]  ms-SACS[b]   n/sample[n/cm2]  RI_produced     BIF     
##############################################################################################################################################################################################
EAR1FC   GF         Si28    Al26     0.00       9.8181    30.00      13.0000    4.488e+12        2.085e-03    2.085e-03    2.030e-03    2.030e-03    6.349e+11        1.268e+08       0.340   
EAR1FC   GF         O16     Be10     0.00       9.8181    30.00      13.0000    4.488e+12        6.133e-05    6.133e-05    6.002e-05    6.002e-05    6.349e+11        7.500e+06       0.340   
EAR1FC   C7         Si28    Al26     0.00       10.1704   30.00      13.0000    4.488e+12        2.085e-03    2.085e-03    2.028e-03    2.028e-03    6.349e+11        1.313e+08       0.340   
EAR1FC   C7         O16     Be10     0.00       10.1704   30.00      13.0000    4.488e+12        6.133e-05    6.133e-05    5.997e-05    5.997e-05    6.349e+11        7.763e+06       0.340   
EAR1FC   D9         Si28    Al26     0.00       9.9820    30.00      13.0000    4.488e+12        2.085e-03    2.085e-03    2.029e-03    2.029e-03    6.349e+11        1.289e+08       0.340   
EAR1FC   D9         O16     Be10     0.00       9.9820    30.00      13.0000    4.488e+12        6.133e-05    6.133e-05    5.999e-05    5.999e-05    6.349e+11        7.621e+06       0.340   
EAR1CC   C1         Si28    Al26     0.00       13.3138   30.00      13.0000    3.449e+11        2.085e-03    2.085e-03    2.011e-03    2.011e-03    4.879e+10        1.309e+07       0.766   
EAR1CC   C1         O16     Be10     0.00       13.3138   30.00      13.0000    3.449e+11        6.133e-05    6.133e-05    5.956e-05    5.956e-05    4.879e+10        7.755e+05       0.766   
EAR1CC   D9         Si28    Al26     0.00       11.5911   30.00      13.0000    3.449e+11        2.085e-03    2.085e-03    2.020e-03    2.020e-03    4.879e+10        1.145e+07       0.766   
EAR1CC   D9         O16     Be10     0.00       11.5911   30.00      13.0000    3.449e+11        6.133e-05    6.133e-05    5.978e-05    5.978e-05    4.879e+10        6.777e+05       0.766   
EAR2     C1         Si28    Al26     0.00       4.6647    20.00      10.0000    1.787e+12        1.544e-03    1.544e-03    1.499e-03    1.499e-03    5.687e+11        3.986e+07       0.291   
EAR2     C1         O16     Be10     0.00       4.6647    20.00      10.0000    1.787e+12        4.217e-05    4.217e-05    4.119e-05    4.119e-05    5.687e+11        2.190e+06       0.291   
EAR2     D9         Si28    Al26     0.00       4.3900    20.00      10.0000    1.787e+12        1.544e-03    1.544e-03    1.502e-03    1.502e-03    5.687e+11        3.759e+07       0.291   
EAR2     D9         O16     Be10     0.00       4.3900    20.00      10.0000    1.787e+12        4.217e-05    4.217e-05    4.125e-05    4.125e-05    5.687e+11        2.064e+06       0.291   
NEAR     GF         Si28    Al26     0.00       1.0163    13.00      6.0000     1.252e+14        1.113e-03    1.113e-03    1.096e-03    1.096e-03    9.432e+13        1.053e+09       1.000   
NEAR     GF         O16     Be10     0.00       1.0163    13.00      6.0000     1.252e+14        2.937e-05    2.937e-05    2.901e-05    2.901e-05    9.432e+13        5.575e+07       1.000   
NEAR     C1         Si28    Al26     0.00       1.1733    13.00      6.0000     1.252e+14        1.113e-03    1.113e-03    1.094e-03    1.094e-03    9.432e+13        1.213e+09       1.000   
NEAR     C1         O16     Be10     0.00       1.1733    13.00      6.0000     1.252e+14        2.937e-05    2.937e-05    2.895e-05    2.895e-05    9.432e+13        6.422e+07       1.000   
NEAR     D9         Si28    Al26     0.00       1.0236    13.00      6.0000     1.252e+14        1.113e-03    1.113e-03    1.096e-03    1.096e-03    9.432e+13        1.061e+09       1.000   
NEAR     D9         O16     Be10     0.00       1.0236    13.00      6.0000     1.252e+14        2.937e-05    2.937e-05    2.901e-05    2.901e-05    9.432e+13        5.615e+07       1.000   
NEAR     GF         Si28    Al26     10.00      1.0195    13.00      6.0000     1.310e+14        1.113e-03    1.729e-03    1.703e-03    1.703e-03    9.870e+13        1.717e+09       1.000   
NEAR     GF         O16     Be10     10.00      1.0195    13.00      6.0000     1.310e+14        2.937e-05    4.617e-05    4.560e-05    4.560e-05    9.870e+13        9.198e+07       1.000   
NEAR     C1         Si28    Al26     10.00      1.1284    13.00      6.0000     1.310e+14        1.113e-03    1.729e-03    1.701e-03    1.701e-03    9.870e+13        1.899e+09       1.000   
NEAR     C1         O16     Be10     10.00      1.1284    13.00      6.0000     1.310e+14        2.937e-05    4.617e-05    4.554e-05    4.554e-05    9.870e+13        1.017e+08       1.000   
NEAR     D9         Si28    Al26     10.00      1.1286    13.00      6.0000     1.310e+14        1.113e-03    1.729e-03    1.701e-03    1.701e-03    9.870e+13        1.899e+09       1.000   
NEAR     D9         O16     Be10     10.00      1.1286    13.00      6.0000     1.310e+14        2.937e-05    4.617e-05    4.554e-05    4.554e-05    9.870e+13        1.017e+08       1.000   
